PH family_support NULL C:/Users/mbenoit/Documents/FPGA_Projects/MIMTLU/pcores/mimtlu_v1_00_a/devl/projnav/../../../../../../../../../Xilinx/14.4/ISE_DS/EDK/hw/XilinxProcessorIPLib/pcores/proc_common_v3_00_a/hdl/vhdl/family_support.vhd sub00/vhpl02 1366364371
PH proc_common_pkg NULL C:/Users/mbenoit/Documents/FPGA_Projects/MIMTLU/pcores/mimtlu_v1_00_a/devl/projnav/../../../../../../../../../Xilinx/14.4/ISE_DS/EDK/hw/XilinxProcessorIPLib/pcores/proc_common_v3_00_a/hdl/vhdl/proc_common_pkg.vhd sub00/vhpl00 1366364369
AR pselect_f imp C:/Users/mbenoit/Documents/FPGA_Projects/MIMTLU/pcores/mimtlu_v1_00_a/devl/projnav/../../../../../../../../../Xilinx/14.4/ISE_DS/EDK/hw/XilinxProcessorIPLib/pcores/proc_common_v3_00_a/hdl/vhdl/pselect_f.vhd sub00/vhpl07 1366364376
AR counter_f imp C:/Users/mbenoit/Documents/FPGA_Projects/MIMTLU/pcores/mimtlu_v1_00_a/devl/projnav/../../../../../../../../../Xilinx/14.4/ISE_DS/EDK/hw/XilinxProcessorIPLib/pcores/proc_common_v3_00_a/hdl/vhdl/counter_f.vhd sub00/vhpl05 1366364374
PH ipif_pkg NULL C:/Users/mbenoit/Documents/FPGA_Projects/MIMTLU/pcores/mimtlu_v1_00_a/devl/projnav/../../../../../../../../../Xilinx/14.4/ISE_DS/EDK/hw/XilinxProcessorIPLib/pcores/proc_common_v3_00_a/hdl/vhdl/ipif_pkg.vhd sub00/vhpl08 1366364377
EN counter_f NULL C:/Users/mbenoit/Documents/FPGA_Projects/MIMTLU/pcores/mimtlu_v1_00_a/devl/projnav/../../../../../../../../../Xilinx/14.4/ISE_DS/EDK/hw/XilinxProcessorIPLib/pcores/proc_common_v3_00_a/hdl/vhdl/counter_f.vhd sub00/vhpl04 1366364373
PB family_support family_support C:/Users/mbenoit/Documents/FPGA_Projects/MIMTLU/pcores/mimtlu_v1_00_a/devl/projnav/../../../../../../../../../Xilinx/14.4/ISE_DS/EDK/hw/XilinxProcessorIPLib/pcores/proc_common_v3_00_a/hdl/vhdl/family_support.vhd sub00/vhpl03 1366364372
PB proc_common_pkg proc_common_pkg C:/Users/mbenoit/Documents/FPGA_Projects/MIMTLU/pcores/mimtlu_v1_00_a/devl/projnav/../../../../../../../../../Xilinx/14.4/ISE_DS/EDK/hw/XilinxProcessorIPLib/pcores/proc_common_v3_00_a/hdl/vhdl/proc_common_pkg.vhd sub00/vhpl01 1366364370
EN pselect_f NULL C:/Users/mbenoit/Documents/FPGA_Projects/MIMTLU/pcores/mimtlu_v1_00_a/devl/projnav/../../../../../../../../../Xilinx/14.4/ISE_DS/EDK/hw/XilinxProcessorIPLib/pcores/proc_common_v3_00_a/hdl/vhdl/pselect_f.vhd sub00/vhpl06 1366364375
PB ipif_pkg ipif_pkg C:/Users/mbenoit/Documents/FPGA_Projects/MIMTLU/pcores/mimtlu_v1_00_a/devl/projnav/../../../../../../../../../Xilinx/14.4/ISE_DS/EDK/hw/XilinxProcessorIPLib/pcores/proc_common_v3_00_a/hdl/vhdl/ipif_pkg.vhd sub00/vhpl09 1366364378
