F:\Git_projects\FPGA\MIMTLU_StandAlone\implementation\system.ngc 1370097830
F:/Git_projects/FPGA/MIMTLU_StandAlone/implementation/system_ethernet_mac_wrapper.ngc 1370097776
F:/Git_projects/FPGA/MIMTLU_StandAlone/implementation/system_dip_switches_4bits_wrapper.ngc 1370097776
F:/Git_projects/FPGA/MIMTLU_StandAlone/implementation/system_usb_uart_wrapper.ngc 1370097776
F:/Git_projects/FPGA/MIMTLU_StandAlone/implementation/system_clock_generator_0_wrapper.ngc 1370097804
F:/Git_projects/FPGA/MIMTLU_StandAlone/implementation/system_mimtlu_0_wrapper.ngc 1370097799
F:/Git_projects/FPGA/MIMTLU_StandAlone/implementation/system_mcb3_lpddr_wrapper.ngc 1370097776
F:/Git_projects/FPGA/MIMTLU_StandAlone/implementation/system_proc_sys_reset_0_wrapper.ngc 1370097776
F:/Git_projects/FPGA/MIMTLU_StandAlone/implementation/system_axi4lite_0_wrapper.ngc 1370097776
F:/Git_projects/FPGA/MIMTLU_StandAlone/implementation/system_microblaze_0_intc_wrapper.ngc 1370097776
F:/Git_projects/FPGA/MIMTLU_StandAlone/implementation/system_axi4_0_wrapper.ngc 1370097776
F:/Git_projects/FPGA/MIMTLU_StandAlone/implementation/system_microblaze_0_ilmb_wrapper.ngc 1370097776
F:/Git_projects/FPGA/MIMTLU_StandAlone/implementation/system_microblaze_0_i_bram_ctrl_wrapper.ngc 1370097776
F:/Git_projects/FPGA/MIMTLU_StandAlone/implementation/system_microblaze_0_dlmb_wrapper.ngc 1370097776
F:/Git_projects/FPGA/MIMTLU_StandAlone/implementation/system_microblaze_0_d_bram_ctrl_wrapper.ngc 1370097776
F:/Git_projects/FPGA/MIMTLU_StandAlone/implementation/system_microblaze_0_wrapper.ngc 1370097776
F:/Git_projects/FPGA/MIMTLU_StandAlone/implementation/system_debug_module_wrapper.ngc 1370097776
F:/Git_projects/FPGA/MIMTLU_StandAlone/implementation/system_axi_timer_0_wrapper.ngc 1370097776
F:/Git_projects/FPGA/MIMTLU_StandAlone/implementation/system_leds_4bits_wrapper.ngc 1370097776
F:/Git_projects/FPGA/MIMTLU_StandAlone/implementation/system_microblaze_0_bram_block_wrapper.ngc 1370097776
OK
