--------------------------------------------------------------------------------
Release 14.4 Trace  (nt64)
Copyright (c) 1995-2012 Xilinx, Inc.  All rights reserved.

C:\Xilinx\14.4\ISE_DS\ISE\bin\nt64\unwrapped\trce.exe -e 3 -xml system.twx
system.ncd system.pcf

Design file:              system.ncd
Physical constraint file: system.pcf
Device,package,speed:     xc6slx9,csg324,C,-2 (PRODUCTION 1.23 2012-12-04)
Report level:             error report

Environment Variable      Effect 
--------------------      ------ 
NONE                      No environment variables were set
--------------------------------------------------------------------------------

WARNING:Timing:3223 - Timing constraint PATH 
   "TS_TIG_MCB3_LPDDR_CALIB_DONE_SYNCH_path" TIG; ignored during timing 
   analysis.
INFO:Timing:3386 - Intersecting Constraints found and resolved.  For more 
   information, see the TSI report.  Please consult the Xilinx Command Line 
   Tools User Guide for information on generating a TSI report.
INFO:Timing:3412 - To improve timing, see the Timing Closure User Guide (UG612).
INFO:Timing:2752 - To get complete path coverage, use the unconstrained paths 
   option. All paths that are not constrained will be reported in the 
   unconstrained paths section(s) of the report.
INFO:Timing:3339 - The clock-to-out numbers in this timing report are based on 
   a 50 Ohm transmission line loading model.  For the details of this model, 
   and for more information on accounting for different loading conditions, 
   please see the device datasheet.

================================================================================
Timing constraint: NET "Ethernet_MAC/Ethernet_MAC/phy_tx_clk_i" MAXSKEW = 6 ns;

 1 net analyzed, 0 failing nets detected.
 0 timing errors detected.
 Maximum net skew is   1.797ns.
--------------------------------------------------------------------------------

================================================================================
Timing constraint: NET "Ethernet_MAC/Ethernet_MAC/phy_tx_clk_i" PERIOD = 40 ns 
HIGH 14 ns;
For more information, see Period Analysis in the Timing Closure User Guide (UG612).

 166 paths analyzed, 111 endpoints analyzed, 0 failing endpoints
 0 timing errors detected. (0 setup errors, 0 hold errors, 0 component switching limit errors)
 Minimum period is  19.305ns.
--------------------------------------------------------------------------------

================================================================================
Timing constraint: NET "Ethernet_MAC_RX_CLK_IBUF" MAXSKEW = 6 ns;

 1 net analyzed, 0 failing nets detected.
 0 timing errors detected.
 Maximum net skew is   2.814ns.
--------------------------------------------------------------------------------

================================================================================
Timing constraint: NET "Ethernet_MAC_RX_CLK_IBUF" PERIOD = 40 ns HIGH 14 ns;
For more information, see Period Analysis in the Timing Closure User Guide (UG612).

 143 paths analyzed, 132 endpoints analyzed, 0 failing endpoints
 0 timing errors detected. (0 setup errors, 0 hold errors, 0 component switching limit errors)
 Minimum period is  15.874ns.
--------------------------------------------------------------------------------

================================================================================
Timing constraint: PATH "TS_TIG_microblaze_0_Reset_path" TIG;

 3 paths analyzed, 3 endpoints analyzed, 0 failing endpoints
 0 timing errors detected. (0 setup errors, 0 hold errors)
--------------------------------------------------------------------------------

================================================================================
Timing constraint: PATH "TS_TIG_microblaze_0_Interrupt_path" TIG;

 1 path analyzed, 1 endpoint analyzed, 0 failing endpoints
 0 timing errors detected. (0 setup errors, 0 hold errors)
--------------------------------------------------------------------------------

================================================================================
Timing constraint: PATH "TS_TIG_microblaze_0_dlmb_POR_FF_I_path" TIG;

 1 path analyzed, 1 endpoint analyzed, 0 failing endpoints
 0 timing errors detected. (0 setup errors, 0 hold errors)
--------------------------------------------------------------------------------

================================================================================
Timing constraint: PATH "TS_TIG_microblaze_0_ilmb_POR_FF_I_path" TIG;

 1 path analyzed, 1 endpoint analyzed, 0 failing endpoints
 0 timing errors detected. (0 setup errors, 0 hold errors)
--------------------------------------------------------------------------------

================================================================================
Timing constraint: PATH "TS_axi4_0_reset_resync_path" TIG;

 8 paths analyzed, 8 endpoints analyzed, 0 failing endpoints
 0 timing errors detected. (0 setup errors, 0 hold errors)
--------------------------------------------------------------------------------

================================================================================
Timing constraint: PATH "TS_sync_microblaze_0_intc_path" TIG;

 6 paths analyzed, 4 endpoints analyzed, 0 failing endpoints
 0 timing errors detected. (0 setup errors, 0 hold errors)
--------------------------------------------------------------------------------

================================================================================
Timing constraint: PATH "TS_intr_sync_p1_microblaze_0_intc_path" TIG;

 2 paths analyzed, 2 endpoints analyzed, 0 failing endpoints
 0 timing errors detected. (0 setup errors, 0 hold errors)
--------------------------------------------------------------------------------

================================================================================
Timing constraint: PATH "TS_axi4lite_0_reset_resync_path" TIG;

 8 paths analyzed, 8 endpoints analyzed, 0 failing endpoints
 0 timing errors detected. (0 setup errors, 0 hold errors)
--------------------------------------------------------------------------------

================================================================================
Timing constraint: PATH "TS_TIG_MCB3_LPDDR_CALIB_DONE_SYNCH_path" TIG;

 0 paths analyzed, 0 endpoints analyzed, 0 failing endpoints
 0 timing errors detected.
--------------------------------------------------------------------------------

================================================================================
Timing constraint: PATH "TS_TIG_MCB3_LPDDR_SYS_RST_SYNCH_path" TIG;

 1 path analyzed, 1 endpoint analyzed, 0 failing endpoints
 0 timing errors detected. (0 setup errors, 0 hold errors)
--------------------------------------------------------------------------------

================================================================================
Timing constraint: TSTXOUT_Ethernet_MAC = MAXDELAY FROM TIMEGRP 
"TXCLK_GRP_Ethernet_MAC" TO         TIMEGRP "PADS" 10 ns;
For more information, see From:To (Multicycle) Analysis in the Timing Closure User Guide (UG612).

 5 paths analyzed, 5 endpoints analyzed, 0 failing endpoints
 0 timing errors detected. (0 setup errors, 0 hold errors)
 Maximum delay is   4.111ns.
--------------------------------------------------------------------------------

================================================================================
Timing constraint: PATH "TS_AXI_TX_FP_Ethernet_MAC_path" TIG;

 28 paths analyzed, 26 endpoints analyzed, 0 failing endpoints
 0 timing errors detected. (0 setup errors, 0 hold errors)
--------------------------------------------------------------------------------

================================================================================
Timing constraint: PATH "TS_TX_AXI_FP_Ethernet_MAC_path" TIG;

 62 paths analyzed, 62 endpoints analyzed, 0 failing endpoints
 0 timing errors detected. (0 setup errors, 0 hold errors)
--------------------------------------------------------------------------------

================================================================================
Timing constraint: PATH "TS_AXI_RX_FP_Ethernet_MAC_path" TIG;

 95 paths analyzed, 54 endpoints analyzed, 0 failing endpoints
 0 timing errors detected. (0 setup errors, 0 hold errors)
--------------------------------------------------------------------------------

================================================================================
Timing constraint: PATH "TS_RX_AXI_FP_Ethernet_MAC_path" TIG;

 10 paths analyzed, 10 endpoints analyzed, 0 failing endpoints
 0 timing errors detected. (0 setup errors, 0 hold errors)
--------------------------------------------------------------------------------

================================================================================
Timing constraint: TS_sys_clk_pin = PERIOD TIMEGRP "sys_clk_pin" 100 MHz HIGH 
50%;
For more information, see Period Analysis in the Timing Closure User Guide (UG612).

 0 paths analyzed, 0 endpoints analyzed, 0 failing endpoints
 0 timing errors detected. (0 component switching limit errors)
 Minimum period is   3.334ns.
--------------------------------------------------------------------------------

================================================================================
Timing constraint: TS_clk_400_0000MHz180PLL0_nobuf = PERIOD TIMEGRP         
"clk_400_0000MHz180PLL0_nobuf" TS_sys_clk_pin * 4 PHASE 1.25 ns HIGH         
50%;
For more information, see Period Analysis in the Timing Closure User Guide (UG612).

 0 paths analyzed, 0 endpoints analyzed, 0 failing endpoints
 0 timing errors detected. (0 component switching limit errors)
 Minimum period is   1.599ns.
--------------------------------------------------------------------------------

================================================================================
Timing constraint: TS_clk_400_0000MHzPLL0_nobuf = PERIOD TIMEGRP 
"clk_400_0000MHzPLL0_nobuf"         TS_sys_clk_pin * 4 HIGH 50%;
For more information, see Period Analysis in the Timing Closure User Guide (UG612).

 0 paths analyzed, 0 endpoints analyzed, 0 failing endpoints
 0 timing errors detected. (0 component switching limit errors)
 Minimum period is   1.599ns.
--------------------------------------------------------------------------------

================================================================================
Timing constraint: TS_clock_generator_0_clock_generator_0_SIG_PLL0_CLKOUT2 = 
PERIOD TIMEGRP         "clock_generator_0_clock_generator_0_SIG_PLL0_CLKOUT2" 
TS_sys_clk_pin         HIGH 50%;
For more information, see Period Analysis in the Timing Closure User Guide (UG612).

 321297 paths analyzed, 18599 endpoints analyzed, 0 failing endpoints
 0 timing errors detected. (0 setup errors, 0 hold errors, 0 component switching limit errors)
 Minimum period is   9.437ns.
--------------------------------------------------------------------------------

================================================================================
Timing constraint: OFFSET = IN 6 ns BEFORE COMP "Ethernet_MAC_RX_CLK";
For more information, see Offset In Analysis in the Timing Closure User Guide (UG612).

 6 paths analyzed, 6 endpoints analyzed, 0 failing endpoints
 0 timing errors detected. (0 setup errors, 0 hold errors)
 Offset is  -0.920ns.
--------------------------------------------------------------------------------


Derived Constraint Report
Derived Constraints for TS_sys_clk_pin
+-------------------------------+-------------+-------------+-------------+-------------+-------------+-------------+-------------+
|                               |   Period    |       Actual Period       |      Timing Errors        |      Paths Analyzed       |
|           Constraint          | Requirement |-------------+-------------|-------------+-------------|-------------+-------------|
|                               |             |   Direct    | Derivative  |   Direct    | Derivative  |   Direct    | Derivative  |
+-------------------------------+-------------+-------------+-------------+-------------+-------------+-------------+-------------+
|TS_sys_clk_pin                 |     10.000ns|      3.334ns|      9.437ns|            0|            0|            0|       321297|
| TS_clk_400_0000MHz180PLL0_nobu|      2.500ns|      1.599ns|          N/A|            0|            0|            0|            0|
| f                             |             |             |             |             |             |             |             |
| TS_clk_400_0000MHzPLL0_nobuf  |      2.500ns|      1.599ns|          N/A|            0|            0|            0|            0|
| TS_clock_generator_0_clock_gen|     10.000ns|      9.437ns|          N/A|            0|            0|       321297|            0|
| erator_0_SIG_PLL0_CLKOUT2     |             |             |             |             |             |             |             |
+-------------------------------+-------------+-------------+-------------+-------------+-------------+-------------+-------------+

All constraints were met.


Data Sheet report:
-----------------
All values displayed in nanoseconds (ns)

Setup/Hold to clock Ethernet_MAC_RX_CLK
-------------------+------------+------------+------------+------------+------------------------+--------+
                   |Max Setup to|  Process   |Max Hold to |  Process   |                        | Clock  |
Source             | clk (edge) |   Corner   | clk (edge) |   Corner   |Internal Clock(s)       | Phase  |
-------------------+------------+------------+------------+------------+------------------------+--------+
Ethernet_MAC_RXD<0>|   -1.345(R)|      FAST  |    3.668(R)|      SLOW  |Ethernet_MAC_RX_CLK_IBUF|   0.000|
Ethernet_MAC_RXD<1>|   -1.183(R)|      FAST  |    3.464(R)|      SLOW  |Ethernet_MAC_RX_CLK_IBUF|   0.000|
Ethernet_MAC_RXD<2>|   -1.152(R)|      FAST  |    3.303(R)|      SLOW  |Ethernet_MAC_RX_CLK_IBUF|   0.000|
Ethernet_MAC_RXD<3>|   -1.143(R)|      FAST  |    3.387(R)|      SLOW  |Ethernet_MAC_RX_CLK_IBUF|   0.000|
Ethernet_MAC_RX_DV |   -1.112(R)|      FAST  |    3.226(R)|      SLOW  |Ethernet_MAC_RX_CLK_IBUF|   0.000|
Ethernet_MAC_RX_ER |   -0.920(R)|      FAST  |    2.992(R)|      SLOW  |Ethernet_MAC_RX_CLK_IBUF|   0.000|
-------------------+------------+------------+------------+------------+------------------------+--------+

Clock Ethernet_MAC_TX_CLK to Pad
-------------------+-----------------+------------+-----------------+------------+--------------------------------------+--------+
                   |Max (slowest) clk|  Process   |Min (fastest) clk|  Process   |                                      | Clock  |
Destination        |  (edge) to PAD  |   Corner   |  (edge) to PAD  |   Corner   |Internal Clock(s)                     | Phase  |
-------------------+-----------------+------------+-----------------+------------+--------------------------------------+--------+
Ethernet_MAC_TXD<0>|         8.952(F)|      SLOW  |         4.028(F)|      FAST  |Ethernet_MAC/Ethernet_MAC/phy_tx_clk_i|  14.000|
Ethernet_MAC_TXD<1>|         8.952(F)|      SLOW  |         4.028(F)|      FAST  |Ethernet_MAC/Ethernet_MAC/phy_tx_clk_i|  14.000|
Ethernet_MAC_TXD<2>|         8.547(F)|      SLOW  |         3.810(F)|      FAST  |Ethernet_MAC/Ethernet_MAC/phy_tx_clk_i|  14.000|
Ethernet_MAC_TXD<3>|         8.547(F)|      SLOW  |         3.810(F)|      FAST  |Ethernet_MAC/Ethernet_MAC/phy_tx_clk_i|  14.000|
Ethernet_MAC_TX_EN |         9.044(F)|      SLOW  |         4.083(F)|      FAST  |Ethernet_MAC/Ethernet_MAC/phy_tx_clk_i|  14.000|
-------------------+-----------------+------------+-----------------+------------+--------------------------------------+--------+

Clock to Setup on destination clock CLK_66MHZ
-------------------+---------+---------+---------+---------+
                   | Src:Rise| Src:Fall| Src:Rise| Src:Fall|
Source Clock       |Dest:Rise|Dest:Rise|Dest:Fall|Dest:Fall|
-------------------+---------+---------+---------+---------+
CLK_66MHZ          |    9.437|         |         |         |
Ethernet_MAC_RX_CLK|         |    2.339|         |         |
Ethernet_MAC_TX_CLK|    4.713|         |         |         |
-------------------+---------+---------+---------+---------+

Clock to Setup on destination clock Ethernet_MAC_RX_CLK
-------------------+---------+---------+---------+---------+
                   | Src:Rise| Src:Fall| Src:Rise| Src:Fall|
Source Clock       |Dest:Rise|Dest:Rise|Dest:Fall|Dest:Fall|
-------------------+---------+---------+---------+---------+
CLK_66MHZ          |    9.691|         |    8.583|         |
Ethernet_MAC_RX_CLK|         |         |    5.556|    2.851|
-------------------+---------+---------+---------+---------+

Clock to Setup on destination clock Ethernet_MAC_TX_CLK
-------------------+---------+---------+---------+---------+
                   | Src:Rise| Src:Fall| Src:Rise| Src:Fall|
Source Clock       |Dest:Rise|Dest:Rise|Dest:Fall|Dest:Fall|
-------------------+---------+---------+---------+---------+
CLK_66MHZ          |    7.808|         |   10.073|         |
Ethernet_MAC_TX_CLK|    4.763|         |    6.757|         |
-------------------+---------+---------+---------+---------+


Timing summary:
---------------

Timing errors: 0  Score: 0  (Setup/Max: 0, Hold: 0)

Constraints cover 321843 paths, 2 nets, and 23623 connections

Design statistics:
   Minimum period:  19.305ns   (Maximum frequency:  51.800MHz)
   Maximum path delay from/to any node:   4.111ns
   Maximum net skew:   2.814ns


Analysis completed Fri May 31 11:47:19 2013 
--------------------------------------------------------------------------------

Trace Settings:
-------------------------
Trace Settings 

Peak Memory Usage: 329 MB



