V3 16
FL C:/Users/mbenoit/Documents/FPGA_Projects/MIMTLU/pcores/mimtlu_v1_00_a/devl/projnav/../../../../../../../../../Xilinx/14.4/ISE_DS/EDK/hw/XilinxProcessorIPLib/pcores/axi_lite_ipif_v1_01_a/hdl/vhdl/address_decoder.vhd 2012/12/05.12:40:21 P.49d
EN axi_lite_ipif_v1_01_a/address_decoder 1366364379 \
      FL C:/Users/mbenoit/Documents/FPGA_Projects/MIMTLU/pcores/mimtlu_v1_00_a/devl/projnav/../../../../../../../../../Xilinx/14.4/ISE_DS/EDK/hw/XilinxProcessorIPLib/pcores/axi_lite_ipif_v1_01_a/hdl/vhdl/address_decoder.vhd \
      PB ieee/std_logic_1164 1354696159 PB ieee/NUMERIC_STD 1354696164 \
      LB proc_common_v3_00_a PB proc_common_v3_00_a/proc_common_pkg 1366364370 \
      EN proc_common_v3_00_a/pselect_f 1366364375 PB proc_common_v3_00_a/ipif_pkg 1366364378 \
      PB proc_common_v3_00_a/family_support 1366364372
AR axi_lite_ipif_v1_01_a/address_decoder/IMP 1366364380 \
      FL C:/Users/mbenoit/Documents/FPGA_Projects/MIMTLU/pcores/mimtlu_v1_00_a/devl/projnav/../../../../../../../../../Xilinx/14.4/ISE_DS/EDK/hw/XilinxProcessorIPLib/pcores/axi_lite_ipif_v1_01_a/hdl/vhdl/address_decoder.vhd \
      EN axi_lite_ipif_v1_01_a/address_decoder 1366364379 CP integer \
      CP std_logic_vector CP proc_common_v3_00_a/pselect_f
FL C:/Users/mbenoit/Documents/FPGA_Projects/MIMTLU/pcores/mimtlu_v1_00_a/devl/projnav/../../../../../../../../../Xilinx/14.4/ISE_DS/EDK/hw/XilinxProcessorIPLib/pcores/axi_lite_ipif_v1_01_a/hdl/vhdl/axi_lite_ipif.vhd 2012/12/05.12:40:21 P.49d
EN axi_lite_ipif_v1_01_a/axi_lite_ipif 1366364383 \
      FL C:/Users/mbenoit/Documents/FPGA_Projects/MIMTLU/pcores/mimtlu_v1_00_a/devl/projnav/../../../../../../../../../Xilinx/14.4/ISE_DS/EDK/hw/XilinxProcessorIPLib/pcores/axi_lite_ipif_v1_01_a/hdl/vhdl/axi_lite_ipif.vhd \
      PB ieee/std_logic_1164 1354696159 PB ieee/STD_LOGIC_UNSIGNED 1354696162 \
      PB ieee/NUMERIC_STD 1354696164 PB ieee/std_logic_misc 1354696160 \
      LB proc_common_v3_00_a PB proc_common_v3_00_a/proc_common_pkg 1366364370 \
      PB proc_common_v3_00_a/family_support 1366364372 \
      PB proc_common_v3_00_a/ipif_pkg 1366364378 LB axi_lite_ipif_v1_01_a
AR axi_lite_ipif_v1_01_a/axi_lite_ipif/imp 1366364384 \
      FL C:/Users/mbenoit/Documents/FPGA_Projects/MIMTLU/pcores/mimtlu_v1_00_a/devl/projnav/../../../../../../../../../Xilinx/14.4/ISE_DS/EDK/hw/XilinxProcessorIPLib/pcores/axi_lite_ipif_v1_01_a/hdl/vhdl/axi_lite_ipif.vhd \
      EN axi_lite_ipif_v1_01_a/axi_lite_ipif 1366364383 \
      CP axi_lite_ipif_v1_01_a/slave_attachment
FL C:/Users/mbenoit/Documents/FPGA_Projects/MIMTLU/pcores/mimtlu_v1_00_a/devl/projnav/../../../../../../../../../Xilinx/14.4/ISE_DS/EDK/hw/XilinxProcessorIPLib/pcores/axi_lite_ipif_v1_01_a/hdl/vhdl/slave_attachment.vhd 2012/12/05.12:40:21 P.49d
EN axi_lite_ipif_v1_01_a/slave_attachment 1366364381 \
      FL C:/Users/mbenoit/Documents/FPGA_Projects/MIMTLU/pcores/mimtlu_v1_00_a/devl/projnav/../../../../../../../../../Xilinx/14.4/ISE_DS/EDK/hw/XilinxProcessorIPLib/pcores/axi_lite_ipif_v1_01_a/hdl/vhdl/slave_attachment.vhd \
      PB ieee/std_logic_1164 1354696159 PB ieee/NUMERIC_STD 1354696164 \
      PB ieee/STD_LOGIC_UNSIGNED 1354696162 PB ieee/std_logic_misc 1354696160 \
      LB proc_common_v3_00_a PB proc_common_v3_00_a/proc_common_pkg 1366364370 \
      PB proc_common_v3_00_a/ipif_pkg 1366364378 \
      PB proc_common_v3_00_a/family_support 1366364372 \
      EN proc_common_v3_00_a/counter_f 1366364373 LB axi_lite_ipif_v1_01_a
AR axi_lite_ipif_v1_01_a/slave_attachment/imp 1366364382 \
      FL C:/Users/mbenoit/Documents/FPGA_Projects/MIMTLU/pcores/mimtlu_v1_00_a/devl/projnav/../../../../../../../../../Xilinx/14.4/ISE_DS/EDK/hw/XilinxProcessorIPLib/pcores/axi_lite_ipif_v1_01_a/hdl/vhdl/slave_attachment.vhd \
      EN axi_lite_ipif_v1_01_a/slave_attachment 1366364381 \
      CP axi_lite_ipif_v1_01_a/address_decoder CP integer CP std_logic_vector
